Info: Start Nativelink Simulation process

========= EDA Simulation Settings =====================

Sim Mode              :  Gate
Family                :  cycloneivgx
Quartus root          :  d:/apps/quartus/versao18.1/intelfpga_lite/quartus/bin64/
Quartus sim root      :  d:/apps/quartus/versao18.1/intelfpga_lite/quartus/eda/sim_lib
Simulation Tool       :  modelsim-altera
Simulation Language   :  verilog
Simulation Mode       :  GUI
Sim Output File       :  Multiplicador.vo
Sim SDF file          :  Multiplicador__verilog.sdo
Sim dir               :  simulation\modelsim

=======================================================

Info: Starting NativeLink simulation with ModelSim-Altera software
Sourced NativeLink script d:/apps/quartus/versao18.1/intelfpga_lite/quartus/common/tcl/internal/nativelink/modelsim.tcl
Warning: File Multiplicador_run_msim_gate_verilog.do already exists - backing up current file as Multiplicador_run_msim_gate_verilog.do.bak5
Info: Spawning ModelSim-Altera Simulation software 
Info: NativeLink simulation flow was successful
